// Jest Snapshot v1, https://goo.gl/fbAQLP

exports[`SongTable() tests should render correctly in mode 1`] = `ShallowWrapper {}`;
